============================= test session starts ==============================
platform linux -- Python 3.12.1, pytest-9.1.1, pluggy-1.6.0 -- /home/codespace/.python/current/bin/python
cachedir: .pytest_cache
rootdir: /workspaces/qmoi-enhanced
plugins: anyio-4.12.1
collecting ... collected 173 items

tests/test_enhanced_tracking_and_workflows.py::TestEnhancedTracking::test_tracker_directory_created PASSED [  0%]
tests/test_enhanced_tracking_and_workflows.py::TestEnhancedTracking::test_tracker_required_files_created PASSED [  1%]
tests/test_enhanced_tracking_and_workflows.py::TestEnhancedTracking::test_tracker_event_recorded PASSED [  1%]
tests/test_enhanced_tracking_and_workflows.py::TestEnhancedTracking::test_telemetry_appended_correctly PASSED [  2%]
tests/test_enhanced_tracking_and_workflows.py::TestEnhancedTracking::test_current_status_updated PASSED [  2%]
tests/test_enhanced_tracking_and_workflows.py::TestEnhancedTracking::test_state_file_updated PASSED [  3%]
tests/test_enhanced_tracking_and_workflows.py::TestEnhancedTracking::test_monitoring_summary_generated PASSED [  4%]
tests/test_enhanced_tracking_and_workflows.py::TestEnhancedTracking::test_latest_activity_updated PASSED [  4%]
tests/test_enhanced_tracking_and_workflows.py::TestEnhancedTracking::test_tracking_index_updated PASSED [  5%]
tests/test_enhanced_tracking_and_workflows.py::TestEnhancedValidation::test_platform_validator_diagnostics PASSED [  5%]
tests/test_enhanced_tracking_and_workflows.py::TestEnhancedValidation::test_platform_validator_caching PASSED [  6%]
tests/test_enhanced_tracking_and_workflows.py::TestEnhancedValidation::test_validation_with_timing PASSED [  6%]
tests/test_enhanced_tracking_and_workflows.py::TestEnhancedValidation::test_feature_validator_comprehensive PASSED [  7%]
tests/test_enhanced_tracking_and_workflows.py::TestWorkflowIntegration::test_pr_validation_contract_produced PASSED [  8%]
tests/test_enhanced_tracking_and_workflows.py::TestWorkflowIntegration::test_full_validation_produces_evidence PASSED [  8%]
tests/test_enhanced_tracking_and_workflows.py::TestWorkflowIntegration::test_validation_tracks_phases PASSED [  9%]
tests/test_enhanced_tracking_and_workflows.py::TestWorkflowIntegration::test_validation_creates_pr_status PASSED [  9%]
tests/test_enhanced_tracking_and_workflows.py::TestPlatformDiagnostics::test_platform_validator_reports_diagnostics PASSED [ 10%]
tests/test_enhanced_tracking_and_workflows.py::TestPlatformDiagnostics::test_dependency_validation PASSED [ 10%]
tests/test_enhanced_tracking_and_workflows.py::TestPlatformDiagnostics::test_manifest_validation PASSED [ 11%]
tests/test_enhanced_tracking_and_workflows.py::TestPlatformDiagnostics::test_signature_validation PASSED [ 12%]
tests/test_enhanced_tracking_and_workflows.py::TestPlatformDiagnostics::test_all_platforms_diagnostic_support PASSED [ 12%]
tests/test_enhanced_tracking_and_workflows.py::TestTrackerConsistency::test_tracker_files_consistency PASSED [ 13%]
tests/test_enhanced_tracking_and_workflows.py::TestTrackerConsistency::test_telemetry_valid_json PASSED [ 13%]
tests/test_enhanced_tracking_and_workflows.py::TestTrackerConsistency::test_tracker_timestamps_valid PASSED [ 14%]
tests/test_enhanced_tracking_and_workflows.py::TestPRValidationEvidence::test_platform_compilation_evidence PASSED [ 15%]
tests/test_enhanced_tracking_and_workflows.py::TestPRValidationEvidence::test_feature_validation_evidence PASSED [ 15%]
tests/test_enhanced_tracking_and_workflows.py::TestPRValidationEvidence::test_file_handler_evidence PASSED [ 16%]
tests/test_enhanced_tracking_and_workflows.py::TestPRValidationEvidence::test_proof_contract_complete PASSED [ 16%]
tests/test_enhanced_tracking_and_workflows.py::TestMonitoringData::test_monitoring_summary_structure PASSED [ 17%]
tests/test_enhanced_tracking_and_workflows.py::TestMonitoringData::test_telemetry_contains_event_sequence PASSED [ 17%]
tests/test_ollama_autonomous_agent.py::TestPlatformValidator::test_validator_initialization PASSED [ 18%]
tests/test_ollama_autonomous_agent.py::TestPlatformValidator::test_all_platforms_support_validation PASSED [ 19%]
tests/test_ollama_autonomous_agent.py::TestFeatureTester::test_qmoiaiui_features_complete PASSED [ 19%]
tests/test_ollama_autonomous_agent.py::TestFeatureTester::test_qcity_features_complete PASSED [ 20%]
tests/test_ollama_autonomous_agent.py::TestFeatureTester::test_qmoi_space_features_complete PASSED [ 20%]
tests/test_ollama_autonomous_agent.py::TestFeatureTester::test_qalpha_features_complete PASSED [ 21%]
tests/test_ollama_autonomous_agent.py::TestFileHandlerValidator::test_file_type_coverage PASSED [ 21%]
tests/test_ollama_autonomous_agent.py::TestFileHandlerValidator::test_handler_validation_for_all_platforms PASSED [ 22%]
tests/test_ollama_autonomous_agent.py::TestMemoryIndexGenerator::test_memory_index_generation PASSED [ 23%]
tests/test_ollama_autonomous_agent.py::TestMemoryIndexGenerator::test_json_index_generation PASSED [ 23%]
tests/test_ollama_autonomous_agent.py::TestModelCardGenerator::test_model_card_generation PASSED [ 24%]
tests/test_ollama_autonomous_agent.py::TestModelCardGenerator::test_model_card_includes_all_apps PASSED [ 24%]
tests/test_ollama_autonomous_agent.py::TestRealtimeTracker::test_live_tracker_files_are_created_and_updated PASSED [ 25%]
tests/test_ollama_autonomous_agent.py::TestWorkflowNormalizer::test_normalize_4space_indentation PASSED [ 26%]
tests/test_ollama_autonomous_agent.py::TestWorkflowMonitor::test_workflow_monitor_builds_health_summary PASSED [ 26%]
tests/test_ollama_autonomous_agent.py::TestWorkflowMonitor::test_workflow_monitor_detects_failure_alerts PASSED [ 27%]
tests/test_ollama_autonomous_agent.py::TestWorkflowMonitor::test_workflow_monitor_tracks_test_jobs_in_real_time PASSED [ 27%]
tests/test_ollama_autonomous_agent.py::TestWorkflowMonitor::test_workflow_monitor_reports_live_phase_state PASSED [ 28%]
tests/test_ollama_autonomous_agent.py::TestWorkflowMonitor::test_workflow_monitor_reports_validation_summary_and_recovery_plan PASSED [ 28%]
tests/test_ollama_autonomous_agent.py::TestWorkflowMonitor::test_workflow_monitor_keeps_monitoring_queued_runs PASSED [ 29%]
tests/test_ollama_autonomous_agent.py::TestWorkflowMonitor::test_workflow_monitor_uses_valid_gh_run_fields PASSED [ 30%]
tests/test_ollama_autonomous_agent.py::TestGitHubTokenConfiguration::test_custom_token_has_priority PASSED [ 30%]
tests/test_ollama_autonomous_agent.py::TestGitHubTokenConfiguration::test_legacy_alias_is_supported PASSED [ 31%]
tests/test_ollama_autonomous_agent.py::TestGitHubTokenConfiguration::test_masked_token_hides_secret_value PASSED [ 31%]
tests/test_ollama_autonomous_agent.py::TestGitHubTokenConfiguration::test_github_actions_monitoring_is_independent_of_codespace PASSED [ 32%]
tests/test_ollama_autonomous_agent.py::TestGitHubTokenConfiguration::test_repository_declares_python_dependencies_for_github_actions PASSED [ 32%]
tests/test_ollama_autonomous_agent.py::TestResumeCheckpoint::test_resume_checkpoint_records_progress_and_checks PASSED [ 33%]
tests/test_ollama_autonomous_agent.py::TestResumeCheckpoint::test_tracker_state_rejects_unknown_states PASSED [ 34%]
tests/test_ollama_autonomous_agent.py::TestResumeCheckpoint::test_tracker_state_records_documented_lifecycle_state PASSED [ 34%]
tests/test_ollama_autonomous_agent.py::TestResumeCheckpoint::test_autonomous_agent_trigger_workflow_exists PASSED [ 35%]
tests/test_ollama_autonomous_agent.py::TestBranchSyncManager::test_branch_sync_requires_main_and_backup PASSED [ 35%]
tests/test_ollama_autonomous_agent.py::TestBranchSyncManager::test_sync_targets_include_qmoi_and_alpha_q_ai PASSED [ 36%]
tests/test_ollama_autonomous_agent.py::TestBranchSyncManager::test_branch_sync_plan_is_generated PASSED [ 36%]
tests/test_ollama_autonomous_agent.py::TestBranchSyncManager::test_reference_inventory_is_read_only_and_lists_markdown PASSED [ 37%]
tests/test_ollama_autonomous_agent.py::TestBranchSyncManager::test_merge_audit_requires_historical_and_markdown_inventory PASSED [ 38%]
tests/test_ollama_autonomous_agent.py::TestBranchSyncManager::test_branch_sync_workflow_exists PASSED [ 38%]
tests/test_ollama_autonomous_agent.py::TestBranchSyncManager::test_cross_repo_autonomy_manager_includes_alpha_q_ai PASSED [ 39%]
tests/test_ollama_autonomous_agent.py::TestBranchSyncManager::test_cross_repo_autonomy_manager_productionizes_repo_plan PASSED [ 39%]
tests/test_ollama_autonomous_agent.py::TestAvatarRealtimeValidation::test_qmoi_identity_validation_accepts_qmoi PASSED [ 40%]
tests/test_ollama_autonomous_agent.py::TestAvatarRealtimeValidation::test_qmoi_identity_validation_rejects_non_qmoi PASSED [ 41%]
tests/test_ollama_autonomous_agent.py::TestAvatarRealtimeValidation::test_avatar_window_monitor_reports_live_realtime_state PASSED [ 41%]
tests/test_ollama_autonomous_agent.py::TestAvatarRealtimeValidation::test_avatar_selection_catalog_has_autoplay_preview_clips PASSED [ 42%]
tests/test_ollama_autonomous_agent.py::TestAvatarRealtimeValidation::test_voice_profile_selector_exposes_qmoi_voice_choices PASSED [ 42%]
tests/test_ollama_autonomous_agent.py::TestAvatarRealtimeValidation::test_avatar_window_style_handles_qmoi_avatar_window PASSED [ 43%]
tests/test_ollama_autonomous_agent.py::TestAvatarRealtimeValidation::test_branch_sync_plan_uses_thealphakenya_owner PASSED [ 43%]
tests/test_ollama_autonomous_agent.py::TestOllamaAutonomousAgent::test_agent_initialization PASSED [ 44%]
tests/test_ollama_autonomous_agent.py::TestOllamaAutonomousAgent::test_all_platforms_have_validators PASSED [ 45%]
tests/test_ollama_autonomous_agent.py::TestOllamaAutonomousAgent::test_validate_all_platforms_returns_dict PASSED [ 45%]
tests/test_ollama_autonomous_agent.py::TestOllamaAutonomousAgent::test_validate_all_features_returns_dict PASSED [ 46%]
tests/test_ollama_autonomous_agent.py::TestOllamaAutonomousAgent::test_validate_file_handlers_returns_dict PASSED [ 46%]
tests/test_ollama_autonomous_agent.py::TestGitHubProofContract::test_cli_full_validation_produces_success_exit PASSED [ 47%]
tests/test_ollama_autonomous_agent.py::TestGitHubProofContract::test_agent_builds_github_proof_contract PASSED [ 47%]
tests/test_ollama_autonomous_agent.py::TestPRSuccessContract::test_pr_contract_validates_all_platforms PASSED [ 48%]
tests/test_ollama_autonomous_agent.py::TestPRSuccessContract::test_pr_contract_validates_all_features PASSED [ 49%]
tests/test_ollama_autonomous_agent.py::TestPRSuccessContract::test_pr_contract_validates_file_handlers PASSED [ 49%]
tests/test_ollama_autonomous_agent.py::TestPRSuccessContract::test_pr_contract_generates_memory_index PASSED [ 50%]
tests/test_ollama_autonomous_agent.py::TestPRSuccessContract::test_pr_contract_generates_model_card PASSED [ 50%]
tests/test_ollama_autonomous_agent.py::test_validator_exists_for_platform[windows] PASSED [ 51%]
tests/test_ollama_autonomous_agent.py::test_validator_exists_for_platform[macos] PASSED [ 52%]
tests/test_ollama_autonomous_agent.py::test_validator_exists_for_platform[linux] PASSED [ 52%]
tests/test_ollama_autonomous_agent.py::test_validator_exists_for_platform[ios] PASSED [ 53%]
tests/test_ollama_autonomous_agent.py::test_validator_exists_for_platform[android] PASSED [ 53%]
tests/test_ollama_autonomous_agent.py::test_validator_exists_for_platform[web] PASSED [ 54%]
tests/test_ollama_autonomous_agent.py::test_app_features_exist[qmoiaiui-features0] PASSED [ 54%]
tests/test_ollama_autonomous_agent.py::test_app_features_exist[qcity-features1] PASSED [ 55%]
tests/test_ollama_autonomous_agent.py::test_app_features_exist[qmoi-space-features2] PASSED [ 56%]
tests/test_ollama_autonomous_agent.py::test_app_features_exist[qalpha-features3] PASSED [ 56%]
tests/test_ollama_autonomous_agent.py::TestResilienceAndAutoHealing::test_agent_recovers_from_missing_files PASSED [ 57%]
tests/test_ollama_autonomous_agent.py::TestResilienceAndAutoHealing::test_agent_handles_file_corruption_gracefully PASSED [ 57%]
tests/test_ollama_autonomous_agent.py::TestResilienceAndAutoHealing::test_autonomous_self_healing_mechanism PASSED [ 58%]
tests/test_ollama_autonomous_agent.py::TestPlatformSpecificFeatures::test_features_covered_across_platforms PASSED [ 58%]
tests/test_ollama_enhanced_features.py::TestPlatformSpecificFeatures::test_platform_contract PASSED [ 59%]
tests/test_ollama_enhanced_features.py::TestPlatformSpecificFeatures::test_application_contract PASSED [ 60%]
tests/test_ollama_enhanced_features.py::TestPlatformSpecificFeatures::test_feature_registry_has_all_platforms PASSED [ 60%]
tests/test_ollama_enhanced_features.py::TestPlatformSpecificFeatures::test_each_platform_has_all_apps PASSED [ 61%]
tests/test_ollama_enhanced_features.py::TestPlatformSpecificFeatures::test_minimum_features_per_app_platform PASSED [ 61%]
tests/test_ollama_enhanced_features.py::TestPlatformSpecificFeatures::test_current_platform_feature_minimums PASSED [ 62%]
tests/test_ollama_enhanced_features.py::TestPlatformSpecificFeatures::test_total_feature_count PASSED [ 63%]
tests/test_ollama_enhanced_features.py::TestPlatformSpecificFeatures::test_feature_collections_are_valid PASSED [ 63%]
tests/test_ollama_enhanced_features.py::TestPlatformSpecificFeatures::test_no_duplicate_features_per_app_platform PASSED [ 64%]
tests/test_ollama_enhanced_features.py::TestPlatformSpecificFeatures::test_feature_names_are_non_empty PASSED [ 64%]
tests/test_ollama_enhanced_features.py::TestPlatformSpecificFeatures::test_feature_names_follow_snake_case PASSED [ 65%]
tests/test_ollama_enhanced_features.py::TestPlatformSpecificFeatures::test_representative_platform_features[windows-qmoiaiui-windows_notifications_api] PASSED [ 65%]
tests/test_ollama_enhanced_features.py::TestPlatformSpecificFeatures::test_representative_platform_features[windows-qcity-windows_shell_integration] PASSED [ 66%]
tests/test_ollama_enhanced_features.py::TestPlatformSpecificFeatures::test_representative_platform_features[windows-qmoi-space-media_keys] PASSED [ 67%]
tests/test_ollama_enhanced_features.py::TestPlatformSpecificFeatures::test_representative_platform_features[windows-qalpha-powershell_integration] PASSED [ 67%]
tests/test_ollama_enhanced_features.py::TestPlatformSpecificFeatures::test_representative_platform_features[macos-qmoiaiui-notification_center] PASSED [ 68%]
tests/test_ollama_enhanced_features.py::TestPlatformSpecificFeatures::test_representative_platform_features[macos-qcity-finder_integration] PASSED [ 68%]
tests/test_ollama_enhanced_features.py::TestPlatformSpecificFeatures::test_representative_platform_features[macos-qmoi-space-avfoundation_framework] PASSED [ 69%]
tests/test_ollama_enhanced_features.py::TestPlatformSpecificFeatures::test_representative_platform_features[macos-qalpha-xcode_integration] PASSED [ 69%]
tests/test_ollama_enhanced_features.py::TestPlatformSpecificFeatures::test_representative_platform_features[linux-qmoiaiui-dbus_integration] PASSED [ 70%]
tests/test_ollama_enhanced_features.py::TestPlatformSpecificFeatures::test_representative_platform_features[linux-qcity-freedesktop_mime_types] PASSED [ 71%]
tests/test_ollama_enhanced_features.py::TestPlatformSpecificFeatures::test_representative_platform_features[linux-qmoi-space-pipewire_support] PASSED [ 71%]
tests/test_ollama_enhanced_features.py::TestPlatformSpecificFeatures::test_representative_platform_features[linux-qalpha-docker_integration] PASSED [ 72%]
tests/test_ollama_enhanced_features.py::TestPlatformSpecificFeatures::test_representative_platform_features[ios-qmoiaiui-fileprovider_integration] PASSED [ 72%]
tests/test_ollama_enhanced_features.py::TestPlatformSpecificFeatures::test_representative_platform_features[ios-qcity-files_app_integration] PASSED [ 73%]
tests/test_ollama_enhanced_features.py::TestPlatformSpecificFeatures::test_representative_platform_features[ios-qmoi-space-avplayer_framework] PASSED [ 73%]
tests/test_ollama_enhanced_features.py::TestPlatformSpecificFeatures::test_representative_platform_features[ios-qalpha-swift_playgrounds] PASSED [ 74%]
tests/test_ollama_enhanced_features.py::TestPlatformSpecificFeatures::test_representative_platform_features[android-qmoiaiui-content_provider] PASSED [ 75%]
tests/test_ollama_enhanced_features.py::TestPlatformSpecificFeatures::test_representative_platform_features[android-qcity-storage_access_framework] PASSED [ 75%]
tests/test_ollama_enhanced_features.py::TestPlatformSpecificFeatures::test_representative_platform_features[android-qmoi-space-mediaplayer_exoplayer] PASSED [ 76%]
tests/test_ollama_enhanced_features.py::TestPlatformSpecificFeatures::test_representative_platform_features[android-qalpha-gradle_build_system] PASSED [ 76%]
tests/test_ollama_enhanced_features.py::TestPlatformSpecificFeatures::test_representative_platform_features[web-qmoiaiui-service_worker_web] PASSED [ 77%]
tests/test_ollama_enhanced_features.py::TestPlatformSpecificFeatures::test_representative_platform_features[web-qcity-drag_drop_files] PASSED [ 78%]
tests/test_ollama_enhanced_features.py::TestPlatformSpecificFeatures::test_representative_platform_features[web-qmoi-space-html5_audio_video] PASSED [ 78%]
tests/test_ollama_enhanced_features.py::TestPlatformSpecificFeatures::test_representative_platform_features[web-qalpha-javascript_debugging] PASSED [ 79%]
tests/test_ollama_enhanced_features.py::TestPlatformSpecificFeatures::test_platform_feature_validator_initialization PASSED [ 79%]
tests/test_ollama_enhanced_features.py::TestPlatformSpecificFeatures::test_platform_feature_validator_results_structure PASSED [ 80%]
tests/test_ollama_enhanced_features.py::TestPlatformSpecificFeatures::test_agent_has_required_validation_methods PASSED [ 80%]
tests/test_ollama_enhanced_features.py::TestPlatformSpecificFeatures::test_agent_platform_validation_returns_mapping PASSED [ 81%]
tests/test_ollama_enhanced_features.py::TestPlatformSpecificFeatures::test_agent_feature_validation_returns_mapping PASSED [ 82%]
tests/test_ollama_enhanced_features.py::TestPlatformSpecificFeatures::test_pr_contract_all_platforms_required PASSED [ 82%]
tests/test_ollama_enhanced_features.py::TestPlatformSpecificFeatures::test_pr_contract_all_apps_required PASSED [ 83%]
tests/test_ollama_enhanced_features.py::TestPlatformSpecificFeatures::test_pr_contract_feature_matrix_complete PASSED [ 83%]
tests/test_ollama_enhanced_features.py::TestPlatformSpecificFeatures::test_registry_keys_match_contract PASSED [ 84%]
tests/test_ollama_enhanced_features.py::TestPlatformSpecificFeatures::test_registry_feature_identifiers_are_valid PASSED [ 84%]
tests/test_ollama_enhanced_features.py::TestPlatformSpecificFeatures::test_feature_registry_is_not_empty PASSED [ 85%]
tests/test_ollama_enhanced_features.py::TestPerformance::test_platform_feature_validator_performance PASSED [ 86%]
tests/test_ollama_enhanced_features.py::TestPerformance::test_agent_initialization_performance PASSED [ 86%]
tests/test_ollama_enhanced_features.py::TestPerformance::test_agent_validator_structure PASSED [ 87%]
tests/test_ollama_enhanced_features.py::TestPerformance::test_agent_results_structure PASSED [ 87%]
tests/test_ollama_enhanced_features.py::TestEdgeCases::test_invalid_platform_does_not_corrupt_registry PASSED [ 88%]
tests/test_ollama_enhanced_features.py::TestEdgeCases::test_invalid_app_does_not_corrupt_registry PASSED [ 89%]
tests/test_ollama_enhanced_features.py::TestIntegration::test_full_validation_suite_method_exists PASSED [ 89%]
tests/test_ollama_enhanced_features.py::TestIntegration::test_cross_platform_feature_matrix_is_complete PASSED [ 90%]
tests/test_ollama_enhanced_features.py::TestIntegration::test_feature_matrix_has_unique_entries PASSED [ 90%]
tests/test_ollama_enhanced_features.py::TestIntegration::test_feature_registry_is_deterministic PASSED [ 91%]
tests/test_ollama_enhanced_features.py::TestIntegration::test_feature_count_is_deterministic PASSED [ 91%]
tests/test_ollama_enhanced_features.py::TestPublicValidatorAPI::test_platform_validator_is_importable PASSED [ 92%]
tests/test_ollama_enhanced_features.py::TestPublicValidatorAPI::test_platform_specific_validator_is_importable PASSED [ 93%]
tests/test_ollama_enhanced_features.py::TestPublicValidatorAPI::test_agent_class_is_importable PASSED [ 93%]
tests/test_ollama_enhanced_features.py::TestPublicValidatorAPI::test_validator_classes_are_classes PASSED [ 94%]
tests/test_ollama_enhanced_features.py::TestSourceSafety::test_this_source_does_not_contain_raw_tree_lines PASSED [ 94%]
tests/test_ollama_enhanced_features.py::TestSourceSafety::test_python_source_can_be_compiled PASSED [ 95%]
tests/test_ollama_runtime.py::test_verify_proves_model_and_inference PASSED [ 95%]
tests/test_ollama_runtime.py::test_bootstrap_reuses_healthy_server PASSED [ 96%]
tests/test_ollama_runtime.py::test_bootstrap_reports_missing_binary PASSED [ 97%]
tests/test_ollama_runtime.py::test_verify_fails_when_server_is_unavailable PASSED [ 97%]
tests/test_ollama_runtime.py::test_verify_pulls_missing_model_then_infers PASSED [ 98%]
tests/test_ollama_runtime.py::test_repair_plan_rejects_malformed_and_unsafe_content PASSED [ 98%]
tests/test_ollama_runtime.py::test_validate_repair_paths_rejects_protected_paths PASSED [ 99%]
tests/test_ollama_runtime.py::test_success_contract_cannot_report_success_without_validation PASSED [100%]

============================= 173 passed in 10.42s =============================
